<html>
<body>
<pre>
<h1>µVision Build Log</h1>
<h2>Project:</h2>
E:\v24he4a10\Anurag10\SHARAD\MAJOR_PROJECT\MAJOR_PROJECT.uvproj
Project File Date:  04/22/2025

<h2>Output:</h2>
Build target 'Target 1'
assembling Startup.s...
compiling MAIN_NODE.c...
compiling can.c...
compiling adc_driver.c...
compiling lcd.c...
compiling rtc.c...
compiling delay.c...
compiling ds18b20.c...
compiling interrupt.c...
linking...
Program Size: Code=8284 RO-data=32 RW-data=156 ZI-data=1292  
FromELF: creating hex file...
"MAJOR_PROJECT.axf" - 0 Error(s), 0 Warning(s).
Build target 'Target 1'
assembling Startup.s...
compiling INDICATOR_NODE.c...
compiling can.c...
compiling adc_driver.c...
compiling lcd.c...
compiling rtc.c...
compiling delay.c...
compiling ds18b20.c...
linking...
Program Size: Code=1928 RO-data=16 RW-data=0 ZI-data=1272  
FromELF: creating hex file...
"MAJOR_PROJECT.axf" - 0 Error(s), 0 Warning(s).
Build target 'Target 1'
assembling Startup.s...
compiling INDICATOR_NODE.c...
compiling can.c...
compiling adc_driver.c...
compiling lcd.c...
compiling rtc.c...
compiling delay.c...
compiling ds18b20.c...
linking...
Program Size: Code=1928 RO-data=16 RW-data=0 ZI-data=1272  
FromELF: creating hex file...
"MAJOR_PROJECT.axf" - 0 Error(s), 0 Warning(s).
